[Architectury Transformer DEBUG] 
[Architectury Transformer DEBUG] ============================
[Architectury Transformer DEBUG] Transforming from E:\Github\DiscordIntegration\fabric-like\build\devlibs\dcintegration-fabric-like-MC1.21.3-3.1.0-dev.jar to E:\Github\DiscordIntegration\fabric-like\build\libs\dcintegration-fabric-like-MC1.21.3-3.1.0-transformProductionNeoForge.jar
[Architectury Transformer DEBUG] ============================
[Architectury Transformer DEBUG] 
[Architectury Transformer DEBUG] Transforming 5 transformer(s) from E:\Github\DiscordIntegration\fabric-like\build\devlibs\dcintegration-fabric-like-MC1.21.3-3.1.0-dev.jar to E:\Github\DiscordIntegration\fabric-like\build\libs\dcintegration-fabric-like-MC1.21.3-3.1.0-transformProductionNeoForge.jar: 
[Architectury Transformer DEBUG]  - dev.architectury.transformer.transformers.TransformExpectPlatform@23d72288
[Architectury Transformer DEBUG]  - dev.architectury.transformer.transformers.RemapInjectables@7b9c8fa
[Architectury Transformer DEBUG]  - dev.architectury.transformer.transformers.TransformPlatformOnly@3b80a0ee
[Architectury Transformer DEBUG]  - dev.architectury.transformer.transformers.TransformNeoForgeAnnotations@111f07e
[Architectury Transformer DEBUG]  - dev.architectury.transformer.transformers.TransformNeoForgeEnvironment@1bc841b6
[Architectury Transformer DEBUG] Transforming from E:\Github\DiscordIntegration\fabric-like\build\devlibs\dcintegration-fabric-like-MC1.21.3-3.1.0-dev.jar to E:\Github\DiscordIntegration\fabric-like\build\libs\dcintegration-fabric-like-MC1.21.3-3.1.0-transformProductionNeoForge.jar with 5 transformer(s) on dev.architectury.transformer.handler.SimpleTransformerHandler
[Architectury Transformer DEBUG] Remapping with 1 mapping provider(s):
[Architectury Transformer DEBUG]  - dev.architectury.transformer.transformers.TransformNeoForgeEnvironment$$Lambda/0x000001e7d81bd950@40608849
[Architectury Transformer DEBUG] Provided 128 classpath jar(s):
[Architectury Transformer DEBUG]  - C:\Users\528sw\.gradle\caches\modules-2\files-2.1\dev.architectury\architectury-injectables\1.0.10\62db2a366d662606d1b23ad02ccc3212ed37ec3\architectury-injectables-1.0.10.jar
[Architectury Transformer DEBUG]  - C:\Users\528sw\.gradle\caches\modules-2\files-2.1\net.fabricmc\fabric-loader\0.16.14\5778d47f536bf2c63ed2abc1a56f5a1c129e34a\fabric-loader-0.16.14.jar
[Architectury Transformer DEBUG]  - C:\Users\528sw\.gradle\caches\modules-2\files-2.1\org.jetbrains\annotations\24.1.0\7af6a669488450c4a07c2c3254e2151df42d7d04\annotations-24.1.0.jar
[Architectury Transformer DEBUG]  - E:\Github\DiscordIntegration\common\build\devlibs\dcintegration-common-MC1.21.3-3.1.0-dev.jar
[Architectury Transformer DEBUG]  - E:\Github\DiscordIntegration\common\build\libs\dcintegration-common-MC1.21.3-3.1.0-all.jar
[Architectury Transformer DEBUG]  - C:\Users\528sw\.gradle\caches\modules-2\files-2.1\org.ow2.asm\asm\9.7.1\f0ed132a49244b042cd0e15702ab9f2ce3cc8436\asm-9.7.1.jar
[Architectury Transformer DEBUG]  - C:\Users\528sw\.gradle\caches\modules-2\files-2.1\org.ow2.asm\asm-analysis\9.7.1\f97a3b319f0ed6a8cd944dc79060d3912a28985f\asm-analysis-9.7.1.jar
[Architectury Transformer DEBUG]  - C:\Users\528sw\.gradle\caches\modules-2\files-2.1\org.ow2.asm\asm-commons\9.7.1\406c6a2225cfe1819f102a161e54cc16a5c24f75\asm-commons-9.7.1.jar
[Architectury Transformer DEBUG]  - C:\Users\528sw\.gradle\caches\modules-2\files-2.1\org.ow2.asm\asm-tree\9.7.1\3a53139787663b139de76b627fca0084ab60d32c\asm-tree-9.7.1.jar
[Architectury Transformer DEBUG]  - C:\Users\528sw\.gradle\caches\modules-2\files-2.1\org.ow2.asm\asm-util\9.7.1\9e23359b598ec6b74b23e53110dd5c577adf2243\asm-util-9.7.1.jar
[Architectury Transformer DEBUG]  - C:\Users\528sw\.gradle\caches\modules-2\files-2.1\net.fabricmc\sponge-mixin\0.15.4+mixin.0.8.7\6a12aacc794f1078458433116e9ed42c1cc98096\sponge-mixin-0.15.4+mixin.0.8.7.jar
[Architectury Transformer DEBUG]  - C:\Users\528sw\.gradle\caches\modules-2\files-2.1\io.github.llamalad7\mixinextras-fabric\0.4.1\8d1a9e96afb990367fa1f904d17580d164da72e3\mixinextras-fabric-0.4.1.jar
[Architectury Transformer DEBUG]  - C:\Users\528sw\.gradle\caches\modules-2\files-2.1\com.fasterxml.jackson.core\jackson-annotations\2.13.4\858c6cc78e1f08a885b1613e1d817c829df70a6e\jackson-annotations-2.13.4.jar
[Architectury Transformer DEBUG]  - C:\Users\528sw\.gradle\caches\modules-2\files-2.1\com.fasterxml.jackson.core\jackson-core\2.13.4\cf934c681294b97ef6d80082faeefbe1edadf56\jackson-core-2.13.4.jar
[Architectury Transformer DEBUG]  - C:\Users\528sw\.gradle\caches\modules-2\files-2.1\com.fasterxml.jackson.core\jackson-databind\2.13.4.2\325c06bdfeb628cfb80ebaaf1a26cc1eb558a585\jackson-databind-2.13.4.2.jar
[Architectury Transformer DEBUG]  - C:\Users\528sw\.gradle\caches\modules-2\files-2.1\com.github.oshi\oshi-core\6.4.10\b1d8ab82d11d92fd639b56d639f8f46f739dd5fa\oshi-core-6.4.10.jar
[Architectury Transformer DEBUG]  - C:\Users\528sw\.gradle\caches\modules-2\files-2.1\com.github.stephenc.jcip\jcip-annotations\1.0-1\ef31541dd28ae2cefdd17c7ebf352d93e9058c63\jcip-annotations-1.0-1.jar
[Architectury Transformer DEBUG]  - C:\Users\528sw\.gradle\caches\modules-2\files-2.1\com.google.code.gson\gson\2.10.1\b3add478d4382b78ea20b1671390a858002feb6c\gson-2.10.1.jar
[Architectury Transformer DEBUG]  - C:\Users\528sw\.gradle\caches\modules-2\files-2.1\com.google.guava\failureaccess\1.0.1\1dcf1de382a0bf95a3d8b0849546c88bac1292c9\failureaccess-1.0.1.jar
[Architectury Transformer DEBUG]  - C:\Users\528sw\.gradle\caches\modules-2\files-2.1\com.google.guava\guava\32.1.2-jre\5e64ec7e056456bef3a4bc4c6fdaef71e8ab6318\guava-32.1.2-jre.jar
[Architectury Transformer DEBUG]  - C:\Users\528sw\.gradle\caches\modules-2\files-2.1\com.ibm.icu\icu4j\73.2\61ad4ef7f9131fcf6d25c34b817f90d6da06c9e9\icu4j-73.2.jar
[Architectury Transformer DEBUG]  - C:\Users\528sw\.gradle\caches\modules-2\files-2.1\com.microsoft.azure\msal4j\1.15.0\52fd60d5dc3f0fb3ed5c19b63f6f2312cd1f6add\msal4j-1.15.0.jar
[Architectury Transformer DEBUG]  - C:\Users\528sw\.gradle\caches\modules-2\files-2.1\com.mojang\authlib\6.0.55\f0e9077d577b4c3c4d310d5fe704b4eb95a359fe\authlib-6.0.55.jar
[Architectury Transformer DEBUG]  - C:\Users\528sw\.gradle\caches\modules-2\files-2.1\com.mojang\blocklist\1.0.10\5c685c5ffa94c4cd39496c7184c1d122e515ecef\blocklist-1.0.10.jar
[Architectury Transformer DEBUG]  - C:\Users\528sw\.gradle\caches\modules-2\files-2.1\com.mojang\brigadier\1.3.10\d15b53a14cf20fdcaa98f731af5dda654452c010\brigadier-1.3.10.jar
[Architectury Transformer DEBUG]  - C:\Users\528sw\.gradle\caches\modules-2\files-2.1\com.mojang\datafixerupper\8.0.16\67d4de6d7f95d89bcf5862995fb854ebaec02a34\datafixerupper-8.0.16.jar
[Architectury Transformer DEBUG]  - C:\Users\528sw\.gradle\caches\modules-2\files-2.1\com.mojang\jtracy\1.0.29\6f07dcb6a2e595c7ee2ca43b67e5d1c018ca0770\jtracy-1.0.29.jar
[Architectury Transformer DEBUG]  - C:\Users\528sw\.gradle\caches\modules-2\files-2.1\com.mojang\logging\1.4.9\275b4b0469bb089e2633b569768be913a444e5d9\logging-1.4.9.jar
[Architectury Transformer DEBUG]  - C:\Users\528sw\.gradle\caches\modules-2\files-2.1\com.mojang\patchy\2.2.10\da05971b07cbb379d002cf7eaec6a2048211fefc\patchy-2.2.10.jar
[Architectury Transformer DEBUG]  - C:\Users\528sw\.gradle\caches\modules-2\files-2.1\com.mojang\text2speech\1.17.9\3cad216e3a7f0c19b4b394388bc9ffc446f13b14\text2speech-1.17.9.jar
[Architectury Transformer DEBUG]  - C:\Users\528sw\.gradle\caches\modules-2\files-2.1\com.nimbusds\content-type\2.3\e3aa0be212d7a42839a8f3f506f5b990bcce0222\content-type-2.3.jar
[Architectury Transformer DEBUG]  - C:\Users\528sw\.gradle\caches\modules-2\files-2.1\com.nimbusds\lang-tag\1.7\97c73ecd70bc7e8eefb26c5eea84f251a63f1031\lang-tag-1.7.jar
[Architectury Transformer DEBUG]  - C:\Users\528sw\.gradle\caches\modules-2\files-2.1\com.nimbusds\nimbus-jose-jwt\9.37.3\700f71ffefd60c16bd8ce711a956967ea9071cec\nimbus-jose-jwt-9.37.3.jar
[Architectury Transformer DEBUG]  - C:\Users\528sw\.gradle\caches\modules-2\files-2.1\com.nimbusds\oauth2-oidc-sdk\11.9.1\fa9a2e447e2cef4dfda40a854dd7ec35624a7799\oauth2-oidc-sdk-11.9.1.jar
[Architectury Transformer DEBUG]  - C:\Users\528sw\.gradle\caches\modules-2\files-2.1\commons-codec\commons-codec\1.16.0\4e3eb3d79888d76b54e28b350915b5dc3919c9de\commons-codec-1.16.0.jar
[Architectury Transformer DEBUG]  - C:\Users\528sw\.gradle\caches\modules-2\files-2.1\commons-io\commons-io\2.15.1\f11560da189ab563a5c8e351941415430e9304ea\commons-io-2.15.1.jar
[Architectury Transformer DEBUG]  - C:\Users\528sw\.gradle\caches\modules-2\files-2.1\commons-logging\commons-logging\1.2\4bfc12adfe4842bf07b657f0369c4cb522955686\commons-logging-1.2.jar
[Architectury Transformer DEBUG]  - C:\Users\528sw\.gradle\caches\modules-2\files-2.1\io.netty\netty-buffer\4.1.97.Final\f8f3d8644afa5e6e1a40a3a6aeb9d9aa970ecb4f\netty-buffer-4.1.97.Final.jar
[Architectury Transformer DEBUG]  - C:\Users\528sw\.gradle\caches\modules-2\files-2.1\io.netty\netty-codec\4.1.97.Final\384ba4d75670befbedb45c4d3b497a93639c206d\netty-codec-4.1.97.Final.jar
[Architectury Transformer DEBUG]  - C:\Users\528sw\.gradle\caches\modules-2\files-2.1\io.netty\netty-common\4.1.97.Final\7cceacaf11df8dc63f23d0fb58e9d4640fc88404\netty-common-4.1.97.Final.jar
[Architectury Transformer DEBUG]  - C:\Users\528sw\.gradle\caches\modules-2\files-2.1\io.netty\netty-handler\4.1.97.Final\abb86c6906bf512bf2b797a41cd7d2e8d3cd7c36\netty-handler-4.1.97.Final.jar
[Architectury Transformer DEBUG]  - C:\Users\528sw\.gradle\caches\modules-2\files-2.1\io.netty\netty-resolver\4.1.97.Final\cec8348108dc76c47cf87c669d514be52c922144\netty-resolver-4.1.97.Final.jar
[Architectury Transformer DEBUG]  - C:\Users\528sw\.gradle\caches\modules-2\files-2.1\io.netty\netty-transport-classes-epoll\4.1.97.Final\795da37ded759e862457a82d9d92c4d39ce8ecee\netty-transport-classes-epoll-4.1.97.Final.jar
[Architectury Transformer DEBUG]  - C:\Users\528sw\.gradle\caches\modules-2\files-2.1\io.netty\netty-transport-native-unix-common\4.1.97.Final\d469d84265ab70095b01b40886cabdd433b6e664\netty-transport-native-unix-common-4.1.97.Final.jar
[Architectury Transformer DEBUG]  - C:\Users\528sw\.gradle\caches\modules-2\files-2.1\io.netty\netty-transport\4.1.97.Final\f37380d23c9bb079bc702910833b2fd532c9abd0\netty-transport-4.1.97.Final.jar
[Architectury Transformer DEBUG]  - C:\Users\528sw\.gradle\caches\modules-2\files-2.1\it.unimi.dsi\fastutil\8.5.12\c24946d46824bd528054bface3231d2ecb7e95e8\fastutil-8.5.12.jar
[Architectury Transformer DEBUG]  - C:\Users\528sw\.gradle\caches\modules-2\files-2.1\net.java.dev.jna\jna-platform\5.14.0\28934d48aed814f11e4c584da55c49fa7032b31b\jna-platform-5.14.0.jar
[Architectury Transformer DEBUG]  - C:\Users\528sw\.gradle\caches\modules-2\files-2.1\net.java.dev.jna\jna\5.14.0\67bf3eaea4f0718cb376a181a629e5f88fa1c9dd\jna-5.14.0.jar
[Architectury Transformer DEBUG]  - C:\Users\528sw\.gradle\caches\modules-2\files-2.1\net.minidev\accessors-smart\2.5.0\aca011492dfe9c26f4e0659028a4fe0970829dd8\accessors-smart-2.5.0.jar
[Architectury Transformer DEBUG]  - C:\Users\528sw\.gradle\caches\modules-2\files-2.1\net.minidev\json-smart\2.5.0\57a64f421b472849c40e77d2e7cce3a141b41e99\json-smart-2.5.0.jar
[Architectury Transformer DEBUG]  - C:\Users\528sw\.gradle\caches\modules-2\files-2.1\net.sf.jopt-simple\jopt-simple\5.0.4\4fdac2fbe92dfad86aa6e9301736f6b4342a3f5c\jopt-simple-5.0.4.jar
[Architectury Transformer DEBUG]  - C:\Users\528sw\.gradle\caches\modules-2\files-2.1\org.apache.commons\commons-compress\1.26.0\659feffdd12280201c8aacb8f7be94f9a883c824\commons-compress-1.26.0.jar
[Architectury Transformer DEBUG]  - C:\Users\528sw\.gradle\caches\modules-2\files-2.1\org.apache.commons\commons-lang3\3.14.0\1ed471194b02f2c6cb734a0cd6f6f107c673afae\commons-lang3-3.14.0.jar
[Architectury Transformer DEBUG]  - C:\Users\528sw\.gradle\caches\modules-2\files-2.1\org.apache.httpcomponents\httpclient\4.5.13\e5f6cae5ca7ecaac1ec2827a9e2d65ae2869cada\httpclient-4.5.13.jar
[Architectury Transformer DEBUG]  - C:\Users\528sw\.gradle\caches\modules-2\files-2.1\org.apache.httpcomponents\httpcore\4.4.16\51cf043c87253c9f58b539c9f7e44c8894223850\httpcore-4.4.16.jar
[Architectury Transformer DEBUG]  - C:\Users\528sw\.gradle\caches\modules-2\files-2.1\org.apache.logging.log4j\log4j-api\2.22.1\bea6fede6328fabafd7e68363161a7ea6605abd1\log4j-api-2.22.1.jar
[Architectury Transformer DEBUG]  - C:\Users\528sw\.gradle\caches\modules-2\files-2.1\org.apache.logging.log4j\log4j-core\2.22.1\7183a25510a02ad00cc6a95d3b3d2a7d3c5a8dc4\log4j-core-2.22.1.jar
[Architectury Transformer DEBUG]  - C:\Users\528sw\.gradle\caches\modules-2\files-2.1\org.apache.logging.log4j\log4j-slf4j2-impl\2.22.1\d7e6693c2606cb7e7335047d7bb96dec52db5665\log4j-slf4j2-impl-2.22.1.jar
[Architectury Transformer DEBUG]  - C:\Users\528sw\.gradle\caches\modules-2\files-2.1\org.jcraft\jorbis\0.0.17\8872d22b293e8f5d7d56ff92be966e6dc28ebdc6\jorbis-0.0.17.jar
[Architectury Transformer DEBUG]  - C:\Users\528sw\.gradle\caches\modules-2\files-2.1\org.joml\joml\1.10.5\22566d58af70ad3d72308bab63b8339906deb649\joml-1.10.5.jar
[Architectury Transformer DEBUG]  - C:\Users\528sw\.gradle\caches\modules-2\files-2.1\org.lwjgl\lwjgl-freetype\3.3.3\a0db6c84a8becc8ca05f9dbfa985edc348a824c7\lwjgl-freetype-3.3.3.jar
[Architectury Transformer DEBUG]  - C:\Users\528sw\.gradle\caches\modules-2\files-2.1\org.lwjgl\lwjgl-glfw\3.3.3\efa1eb78c5ccd840e9f329717109b5e892d72f8e\lwjgl-glfw-3.3.3.jar
[Architectury Transformer DEBUG]  - C:\Users\528sw\.gradle\caches\modules-2\files-2.1\org.lwjgl\lwjgl-jemalloc\3.3.3\b543467b7ff3c6920539a88ee602d34098628be5\lwjgl-jemalloc-3.3.3.jar
[Architectury Transformer DEBUG]  - C:\Users\528sw\.gradle\caches\modules-2\files-2.1\org.lwjgl\lwjgl-openal\3.3.3\daada81ceb5fc0c291fbfdd4433cb8d9423577f2\lwjgl-openal-3.3.3.jar
[Architectury Transformer DEBUG]  - C:\Users\528sw\.gradle\caches\modules-2\files-2.1\org.lwjgl\lwjgl-opengl\3.3.3\2f6b0147078396a58979125a4c947664e98293a\lwjgl-opengl-3.3.3.jar
[Architectury Transformer DEBUG]  - C:\Users\528sw\.gradle\caches\modules-2\files-2.1\org.lwjgl\lwjgl-stb\3.3.3\25dd6161988d7e65f71d5065c99902402ee32746\lwjgl-stb-3.3.3.jar
[Architectury Transformer DEBUG]  - C:\Users\528sw\.gradle\caches\modules-2\files-2.1\org.lwjgl\lwjgl-tinyfd\3.3.3\82d755ca94b102e9ca77283b9e2dc46d1b15fbe5\lwjgl-tinyfd-3.3.3.jar
[Architectury Transformer DEBUG]  - C:\Users\528sw\.gradle\caches\modules-2\files-2.1\org.lwjgl\lwjgl\3.3.3\29589b5f87ed335a6c7e7ee6a5775f81f97ecb84\lwjgl-3.3.3.jar
[Architectury Transformer DEBUG]  - C:\Users\528sw\.gradle\caches\modules-2\files-2.1\org.lz4\lz4-java\1.8.0\4b986a99445e49ea5fbf5d149c4b63f6ed6c6780\lz4-java-1.8.0.jar
[Architectury Transformer DEBUG]  - C:\Users\528sw\.gradle\caches\modules-2\files-2.1\org.slf4j\slf4j-api\2.0.9\7cf2726fdcfbc8610f9a71fb3ed639871f315340\slf4j-api-2.0.9.jar
[Architectury Transformer DEBUG]  - E:\Github\DiscordIntegration\.gradle\loom-cache\minecraftMaven\net\minecraft\minecraft-merged-f68aa0e4e7\1.21.3-loom.mappings.1_21_3.layered+hash.40545-v2\minecraft-merged-f68aa0e4e7-1.21.3-loom.mappings.1_21_3.layered+hash.40545-v2.jar
[Architectury Transformer DEBUG]  - C:\Users\528sw\.gradle\caches\modules-2\files-2.1\io.netty\netty-transport-native-epoll\4.1.97.Final\54188f271e388e7f313aea995e82f58ce2cdb809\netty-transport-native-epoll-4.1.97.Final-linux-x86_64.jar
[Architectury Transformer DEBUG]  - C:\Users\528sw\.gradle\caches\modules-2\files-2.1\io.netty\netty-transport-native-epoll\4.1.97.Final\5514744c588190ffda076b35a9b8c9f24946a960\netty-transport-native-epoll-4.1.97.Final-linux-aarch_64.jar
[Architectury Transformer DEBUG]  - C:\Users\528sw\.gradle\caches\modules-2\files-2.1\de.erdbeerbaerlp\dcintegration.common\3.1.0\ddc41171291b23c9525be135e567e2241478b879\dcintegration.common-3.1.0.jar
[Architectury Transformer DEBUG]  - C:\Users\528sw\.gradle\caches\modules-2\files-2.1\com.github.webbukkit\DynmapCoreAPI\2.5\77bc565fed4adc452e60cdbe5ba3dcb47c4bcf5b\DynmapCoreAPI-2.5.jar
[Architectury Transformer DEBUG]  - E:\Github\DiscordIntegration\.gradle\loom-cache\remapped_mods\loom_mappings_1_21_3_layered_hash_40545_v2\net\fabricmc\fabric-api\fabric-api\0.107.3+1.21.3\fabric-api-0.107.3+1.21.3.jar
[Architectury Transformer DEBUG]  - E:\Github\DiscordIntegration\.gradle\loom-cache\remapped_mods\loom_mappings_1_21_3_layered_hash_40545_v2\me\lucko\fabric-permissions-api\0.3.3\fabric-permissions-api-0.3.3.jar
[Architectury Transformer DEBUG]  - E:\Github\DiscordIntegration\.gradle\loom-cache\remapped_mods\loom_mappings_1_21_3_layered_hash_40545_v2\eu\pb4\placeholder-api\2.5.1+1.21.3\placeholder-api-2.5.1+1.21.3.jar
[Architectury Transformer DEBUG]  - E:\Github\DiscordIntegration\.gradle\loom-cache\remapped_mods\loom_mappings_1_21_3_layered_hash_40545_v2\net\fabricmc\fabric-api\fabric-transfer-api-v1\5.4.1+fd37071f40\fabric-transfer-api-v1-5.4.1+fd37071f40.jar
[Architectury Transformer DEBUG]  - E:\Github\DiscordIntegration\.gradle\loom-cache\remapped_mods\loom_mappings_1_21_3_layered_hash_40545_v2\net\fabricmc\fabric-api\fabric-api-lookup-api-v1\1.6.79+fd37071f40\fabric-api-lookup-api-v1-1.6.79+fd37071f40.jar
[Architectury Transformer DEBUG]  - E:\Github\DiscordIntegration\.gradle\loom-cache\remapped_mods\loom_mappings_1_21_3_layered_hash_40545_v2\net\fabricmc\fabric-api\fabric-blockrenderlayer-v1\2.0.3+fd37071f40\fabric-blockrenderlayer-v1-2.0.3+fd37071f40.jar
[Architectury Transformer DEBUG]  - E:\Github\DiscordIntegration\.gradle\loom-cache\remapped_mods\loom_mappings_1_21_3_layered_hash_40545_v2\net\fabricmc\fabric-api\fabric-client-tags-api-v1\1.1.23+fd37071f40\fabric-client-tags-api-v1-1.1.23+fd37071f40.jar
[Architectury Transformer DEBUG]  - E:\Github\DiscordIntegration\.gradle\loom-cache\remapped_mods\loom_mappings_1_21_3_layered_hash_40545_v2\net\fabricmc\fabric-api\fabric-command-api-v1\1.2.57+f71b366f40\fabric-command-api-v1-1.2.57+f71b366f40.jar
[Architectury Transformer DEBUG]  - E:\Github\DiscordIntegration\.gradle\loom-cache\remapped_mods\loom_mappings_1_21_3_layered_hash_40545_v2\net\fabricmc\fabric-api\fabric-commands-v0\0.2.74+df3654b340\fabric-commands-v0-0.2.74+df3654b340.jar
[Architectury Transformer DEBUG]  - E:\Github\DiscordIntegration\.gradle\loom-cache\remapped_mods\loom_mappings_1_21_3_layered_hash_40545_v2\net\fabricmc\fabric-api\fabric-command-api-v2\2.2.36+fd37071f40\fabric-command-api-v2-2.2.36+fd37071f40.jar
[Architectury Transformer DEBUG]  - E:\Github\DiscordIntegration\.gradle\loom-cache\remapped_mods\loom_mappings_1_21_3_layered_hash_40545_v2\net\fabricmc\fabric-api\fabric-content-registries-v0\9.1.6+fd37071f40\fabric-content-registries-v0-9.1.6+fd37071f40.jar
[Architectury Transformer DEBUG]  - E:\Github\DiscordIntegration\.gradle\loom-cache\remapped_mods\loom_mappings_1_21_3_layered_hash_40545_v2\net\fabricmc\fabric-api\fabric-data-generation-api-v1\21.0.15+fd37071f40\fabric-data-generation-api-v1-21.0.15+fd37071f40.jar
[Architectury Transformer DEBUG]  - E:\Github\DiscordIntegration\.gradle\loom-cache\remapped_mods\loom_mappings_1_21_3_layered_hash_40545_v2\net\fabricmc\fabric-api\fabric-convention-tags-v1\2.1.1+7f945d5b40\fabric-convention-tags-v1-2.1.1+7f945d5b40.jar
[Architectury Transformer DEBUG]  - E:\Github\DiscordIntegration\.gradle\loom-cache\remapped_mods\loom_mappings_1_21_3_layered_hash_40545_v2\net\fabricmc\fabric-api\fabric-convention-tags-v2\2.9.1+fd37071f40\fabric-convention-tags-v2-2.9.1+fd37071f40.jar
[Architectury Transformer DEBUG]  - E:\Github\DiscordIntegration\.gradle\loom-cache\remapped_mods\loom_mappings_1_21_3_layered_hash_40545_v2\net\fabricmc\fabric-api\fabric-data-attachment-api-v1\1.2.1+fd37071f40\fabric-data-attachment-api-v1-1.2.1+fd37071f40.jar
[Architectury Transformer DEBUG]  - E:\Github\DiscordIntegration\.gradle\loom-cache\remapped_mods\loom_mappings_1_21_3_layered_hash_40545_v2\net\fabricmc\fabric-api\fabric-entity-events-v1\2.0.7+825023f840\fabric-entity-events-v1-2.0.7+825023f840.jar
[Architectury Transformer DEBUG]  - E:\Github\DiscordIntegration\.gradle\loom-cache\remapped_mods\loom_mappings_1_21_3_layered_hash_40545_v2\net\fabricmc\fabric-api\fabric-events-interaction-v0\2.0.10+fd37071f40\fabric-events-interaction-v0-2.0.10+fd37071f40.jar
[Architectury Transformer DEBUG]  - E:\Github\DiscordIntegration\.gradle\loom-cache\remapped_mods\loom_mappings_1_21_3_layered_hash_40545_v2\net\fabricmc\fabric-api\fabric-gametest-api-v1\2.0.14+fd37071f40\fabric-gametest-api-v1-2.0.14+fd37071f40.jar
[Architectury Transformer DEBUG]  - E:\Github\DiscordIntegration\.gradle\loom-cache\remapped_mods\loom_mappings_1_21_3_layered_hash_40545_v2\net\fabricmc\fabric-api\fabric-item-api-v1\11.1.6+fd37071f40\fabric-item-api-v1-11.1.6+fd37071f40.jar
[Architectury Transformer DEBUG]  - E:\Github\DiscordIntegration\.gradle\loom-cache\remapped_mods\loom_mappings_1_21_3_layered_hash_40545_v2\net\fabricmc\fabric-api\fabric-item-group-api-v1\4.1.16+fd37071f40\fabric-item-group-api-v1-4.1.16+fd37071f40.jar
[Architectury Transformer DEBUG]  - E:\Github\DiscordIntegration\.gradle\loom-cache\remapped_mods\loom_mappings_1_21_3_layered_hash_40545_v2\net\fabricmc\fabric-api\fabric-lifecycle-events-v1\2.4.0+fd37071f40\fabric-lifecycle-events-v1-2.4.0+fd37071f40.jar
[Architectury Transformer DEBUG]  - E:\Github\DiscordIntegration\.gradle\loom-cache\remapped_mods\loom_mappings_1_21_3_layered_hash_40545_v2\net\fabricmc\fabric-api\fabric-loot-api-v2\3.0.25+3f89f5a540\fabric-loot-api-v2-3.0.25+3f89f5a540.jar
[Architectury Transformer DEBUG]  - E:\Github\DiscordIntegration\.gradle\loom-cache\remapped_mods\loom_mappings_1_21_3_layered_hash_40545_v2\net\fabricmc\fabric-api\fabric-loot-api-v3\1.0.13+fd37071f40\fabric-loot-api-v3-1.0.13+fd37071f40.jar
[Architectury Transformer DEBUG]  - E:\Github\DiscordIntegration\.gradle\loom-cache\remapped_mods\loom_mappings_1_21_3_layered_hash_40545_v2\net\fabricmc\fabric-api\fabric-message-api-v1\6.0.20+fd37071f40\fabric-message-api-v1-6.0.20+fd37071f40.jar
[Architectury Transformer DEBUG]  - E:\Github\DiscordIntegration\.gradle\loom-cache\remapped_mods\loom_mappings_1_21_3_layered_hash_40545_v2\net\fabricmc\fabric-api\fabric-model-loading-api-v1\3.0.8+fd37071f40\fabric-model-loading-api-v1-3.0.8+fd37071f40.jar
[Architectury Transformer DEBUG]  - E:\Github\DiscordIntegration\.gradle\loom-cache\remapped_mods\loom_mappings_1_21_3_layered_hash_40545_v2\net\fabricmc\fabric-api\fabric-recipe-api-v1\7.0.3+fd37071f40\fabric-recipe-api-v1-7.0.3+fd37071f40.jar
[Architectury Transformer DEBUG]  - E:\Github\DiscordIntegration\.gradle\loom-cache\remapped_mods\loom_mappings_1_21_3_layered_hash_40545_v2\net\fabricmc\fabric-api\fabric-screen-handler-api-v1\1.3.99+fd37071f40\fabric-screen-handler-api-v1-1.3.99+fd37071f40.jar
[Architectury Transformer DEBUG]  - E:\Github\DiscordIntegration\.gradle\loom-cache\remapped_mods\loom_mappings_1_21_3_layered_hash_40545_v2\net\fabricmc\fabric-api\fabric-registry-sync-v0\5.2.1+fd37071f40\fabric-registry-sync-v0-5.2.1+fd37071f40.jar
[Architectury Transformer DEBUG]  - E:\Github\DiscordIntegration\.gradle\loom-cache\remapped_mods\loom_mappings_1_21_3_layered_hash_40545_v2\net\fabricmc\fabric-api\fabric-networking-api-v1\4.3.4+fd37071f40\fabric-networking-api-v1-4.3.4+fd37071f40.jar
[Architectury Transformer DEBUG]  - E:\Github\DiscordIntegration\.gradle\loom-cache\remapped_mods\loom_mappings_1_21_3_layered_hash_40545_v2\net\fabricmc\fabric-api\fabric-object-builder-api-v1\17.0.8+fd37071f40\fabric-object-builder-api-v1-17.0.8+fd37071f40.jar
[Architectury Transformer DEBUG]  - E:\Github\DiscordIntegration\.gradle\loom-cache\remapped_mods\loom_mappings_1_21_3_layered_hash_40545_v2\net\fabricmc\fabric-api\fabric-particles-v1\4.0.9+fd37071f40\fabric-particles-v1-4.0.9+fd37071f40.jar
[Architectury Transformer DEBUG]  - E:\Github\DiscordIntegration\.gradle\loom-cache\remapped_mods\loom_mappings_1_21_3_layered_hash_40545_v2\net\fabricmc\fabric-api\fabric-renderer-indigo\1.9.4+fd37071f40\fabric-renderer-indigo-1.9.4+fd37071f40.jar
[Architectury Transformer DEBUG]  - E:\Github\DiscordIntegration\.gradle\loom-cache\remapped_mods\loom_mappings_1_21_3_layered_hash_40545_v2\net\fabricmc\fabric-api\fabric-renderer-api-v1\4.0.4+fd37071f40\fabric-renderer-api-v1-4.0.4+fd37071f40.jar
[Architectury Transformer DEBUG]  - E:\Github\DiscordIntegration\.gradle\loom-cache\remapped_mods\loom_mappings_1_21_3_layered_hash_40545_v2\net\fabricmc\fabric-api\fabric-rendering-fluids-v1\3.1.14+fd37071f40\fabric-rendering-fluids-v1-3.1.14+fd37071f40.jar
[Architectury Transformer DEBUG]  - E:\Github\DiscordIntegration\.gradle\loom-cache\remapped_mods\loom_mappings_1_21_3_layered_hash_40545_v2\net\fabricmc\fabric-api\fabric-rendering-v0\1.1.82+df3654b340\fabric-rendering-v0-1.1.82+df3654b340.jar
[Architectury Transformer DEBUG]  - E:\Github\DiscordIntegration\.gradle\loom-cache\remapped_mods\loom_mappings_1_21_3_layered_hash_40545_v2\net\fabricmc\fabric-api\fabric-rendering-v1\8.0.6+fd37071f40\fabric-rendering-v1-8.0.6+fd37071f40.jar
[Architectury Transformer DEBUG]  - E:\Github\DiscordIntegration\.gradle\loom-cache\remapped_mods\loom_mappings_1_21_3_layered_hash_40545_v2\net\fabricmc\fabric-api\fabric-screen-api-v1\2.0.33+fd37071f40\fabric-screen-api-v1-2.0.33+fd37071f40.jar
[Architectury Transformer DEBUG]  - E:\Github\DiscordIntegration\.gradle\loom-cache\remapped_mods\loom_mappings_1_21_3_layered_hash_40545_v2\net\fabricmc\fabric-api\fabric-api-base\0.4.49+fd37071f40\fabric-api-base-0.4.49+fd37071f40.jar
[Architectury Transformer DEBUG]  - E:\Github\DiscordIntegration\.gradle\loom-cache\remapped_mods\loom_mappings_1_21_3_layered_hash_40545_v2\net\fabricmc\fabric-api\fabric-biome-api-v1\14.0.6+fd37071f40\fabric-biome-api-v1-14.0.6+fd37071f40.jar
[Architectury Transformer DEBUG]  - E:\Github\DiscordIntegration\.gradle\loom-cache\remapped_mods\loom_mappings_1_21_3_layered_hash_40545_v2\net\fabricmc\fabric-api\fabric-block-api-v1\1.0.28+fd37071f40\fabric-block-api-v1-1.0.28+fd37071f40.jar
[Architectury Transformer DEBUG]  - E:\Github\DiscordIntegration\.gradle\loom-cache\remapped_mods\loom_mappings_1_21_3_layered_hash_40545_v2\net\fabricmc\fabric-api\fabric-rendering-data-attachment-v1\0.3.54+73761d2e40\fabric-rendering-data-attachment-v1-0.3.54+73761d2e40.jar
[Architectury Transformer DEBUG]  - E:\Github\DiscordIntegration\.gradle\loom-cache\remapped_mods\loom_mappings_1_21_3_layered_hash_40545_v2\net\fabricmc\fabric-api\fabric-block-view-api-v2\1.0.16+fd37071f40\fabric-block-view-api-v2-1.0.16+fd37071f40.jar
[Architectury Transformer DEBUG]  - E:\Github\DiscordIntegration\.gradle\loom-cache\remapped_mods\loom_mappings_1_21_3_layered_hash_40545_v2\net\fabricmc\fabric-api\fabric-crash-report-info-v1\0.3.3+fd37071f40\fabric-crash-report-info-v1-0.3.3+fd37071f40.jar
[Architectury Transformer DEBUG]  - E:\Github\DiscordIntegration\.gradle\loom-cache\remapped_mods\loom_mappings_1_21_3_layered_hash_40545_v2\net\fabricmc\fabric-api\fabric-dimensions-v1\4.0.7+fd37071f40\fabric-dimensions-v1-4.0.7+fd37071f40.jar
[Architectury Transformer DEBUG]  - E:\Github\DiscordIntegration\.gradle\loom-cache\remapped_mods\loom_mappings_1_21_3_layered_hash_40545_v2\net\fabricmc\fabric-api\fabric-game-rule-api-v1\1.0.59+fd37071f40\fabric-game-rule-api-v1-1.0.59+fd37071f40.jar
[Architectury Transformer DEBUG]  - E:\Github\DiscordIntegration\.gradle\loom-cache\remapped_mods\loom_mappings_1_21_3_layered_hash_40545_v2\net\fabricmc\fabric-api\fabric-keybindings-v0\0.2.51+df3654b340\fabric-keybindings-v0-0.2.51+df3654b340.jar
[Architectury Transformer DEBUG]  - E:\Github\DiscordIntegration\.gradle\loom-cache\remapped_mods\loom_mappings_1_21_3_layered_hash_40545_v2\net\fabricmc\fabric-api\fabric-key-binding-api-v1\1.0.53+fd37071f40\fabric-key-binding-api-v1-1.0.53+fd37071f40.jar
[Architectury Transformer DEBUG]  - E:\Github\DiscordIntegration\.gradle\loom-cache\remapped_mods\loom_mappings_1_21_3_layered_hash_40545_v2\net\fabricmc\fabric-api\fabric-resource-conditions-api-v1\5.0.8+fd37071f40\fabric-resource-conditions-api-v1-5.0.8+fd37071f40.jar
[Architectury Transformer DEBUG]  - E:\Github\DiscordIntegration\.gradle\loom-cache\remapped_mods\loom_mappings_1_21_3_layered_hash_40545_v2\net\fabricmc\fabric-api\fabric-resource-loader-v0\3.0.6+fd37071f40\fabric-resource-loader-v0-3.0.6+fd37071f40.jar
[Architectury Transformer DEBUG]  - E:\Github\DiscordIntegration\.gradle\loom-cache\remapped_mods\loom_mappings_1_21_3_layered_hash_40545_v2\net\fabricmc\fabric-api\fabric-sound-api-v1\1.0.29+fd37071f40\fabric-sound-api-v1-1.0.29+fd37071f40.jar
[Architectury Transformer DEBUG]  - E:\Github\DiscordIntegration\.gradle\loom-cache\remapped_mods\loom_mappings_1_21_3_layered_hash_40545_v2\net\fabricmc\fabric-api\fabric-transitive-access-wideners-v1\6.1.8+fd37071f40\fabric-transitive-access-wideners-v1-6.1.8+fd37071f40.jar
[Architectury Transformer DEBUG]  - E:\Github\DiscordIntegration\.gradle\loom-cache\remapped_mods\loom_mappings_1_21_3_layered_hash_40545_v2\maven\modrinth\styled-chat\2.7.1+1.21.3\styled-chat-2.7.1+1.21.3.jar
[Architectury Transformer DEBUG]  - E:\Github\DiscordIntegration\.gradle\loom-cache\remapped_mods\loom_mappings_1_21_3_layered_hash_40545_v2\maven\modrinth\vanish\1.5.9+1.21.3\vanish-1.5.9+1.21.3.jar
[Architectury Transformer] Read classpath in 2.146 s
[Architectury Transformer DEBUG] Remapping Classes:
[Architectury Transformer DEBUG] net/fabricmc/api/EnvType -> net/neoforged/api/distmarker/Dist
[Architectury Transformer DEBUG] net/fabricmc/api/Environment -> net/neoforged/api/distmarker/OnlyIn
[Architectury Transformer DEBUG] Found class transformer
[Architectury Transformer DEBUG] Writing de/erdbeerbaerlp/dcintegration/architectury/fabriclike/ServerInterfaceFabricLike with maxs=true frames=true
[Architectury Transformer DEBUG] Writing de/erdbeerbaerlp/dcintegration/architectury/fabriclike/DiscordIntegrationFabricLike with maxs=true frames=true
[Architectury Transformer DEBUG] Writing de/erdbeerbaerlp/dcintegration/architectury/fabriclike/mixin/StyledChatMixin with maxs=true frames=true
[Architectury Transformer DEBUG] Writing de/erdbeerbaerlp/dcintegration/architectury/fabriclike/mixin/StyledChatCheckerPlugin with maxs=true frames=true
[Architectury Transformer DEBUG] Closed File Systems for E:\Github\DiscordIntegration\fabric-like\build\libs\dcintegration-fabric-like-MC1.21.3-3.1.0-transformProductionNeoForge.jar
[Architectury Transformer] Transformed jar with 5 transformer(s) in 2.633 s
[Architectury Transformer DEBUG] Closed File Systems for E:\Github\DiscordIntegration\fabric-like\build\libs\dcintegration-fabric-like-MC1.21.3-3.1.0.jar
